Microchip MPLAB XC8 Compiler V2.10 ()

Linker command line:

-W-3 --edf=C:\Program Files (x86)\Microchip\xc8\v2.10\pic\dat\en_msgs.txt \
  -cs -h+dist/default/production\MatrixControl.X.production.sym \
  --cmf=dist/default/production\MatrixControl.X.production.cmf -z -Q18F4520 \
  -oC:\Users\Natan\AppData\Local\Temp\sbjc.2 --defsym=__MPLAB_BUILD=1 \
  -Mdist/default/production/MatrixControl.X.production.map -E1 -ver=XC8 \
  --acfsm=1493 -ASTACK=080h-05FFh -pstack=STACK -ACODE=00h-07FFFh \
  -ACONST=00h-07FFFh -ASMALLCONST=0600h-06FFhx122 \
  -AMEDIUMCONST=0600h-07FFFh -ACOMRAM=01h-07Fh -AABS1=00h-05FFh \
  -ABIGRAM=01h-05FFh -ARAM=080h-0FFh,0100h-01FFhx5 -ABANK0=080h-0FFh \
  -ABANK1=0100h-01FFh -ABANK2=0200h-02FFh -ABANK3=0300h-03FFh \
  -ABANK4=0400h-04FFh -ABANK5=0500h-05FFh -ASFR=0F80h-0FFFh \
  -preset_vec=00h,intcode=08h,intcodelo,powerup,init -pramtop=0600h \
  -psmallconst=SMALLCONST -pmediumconst=MEDIUMCONST -pconst=CONST \
  -AFARRAM=00h-00h -ACONFIG=0300000h-030000Dh -pconfig=CONFIG \
  -AIDLOC=0200000h-0200007h -pidloc=IDLOC -AEEDATA=0F00000h-0F000FFh \
  -peeprom_data=EEDATA \
  -prdata=COMRAM,nvrram=COMRAM,nvbit=COMRAM,rbss=COMRAM,rbit=COMRAM \
  -pfarbss=FARRAM,fardata=FARRAM,nvFARRAM=FARRAM \
  -pintsave_regs=BIGRAM,bigbss=BIGRAM,bigdata=BIGRAM -pbss=RAM \
  -pidata=CODE,irdata=CODE,ibigdata=CODE,ifardata=CODE -prparam=COMRAM \
  C:\Users\Natan\AppData\Local\Temp\sbjc.o \
  dist/default/production\MatrixControl.X.production.o 

Object code version is 3.11

Machine type is 18F4520

Call graph: (short form)




                Name                               Link     Load   Length Selector   Space Scale
C:\Users\Natan\AppData\Local\Temp\sbjc.o
                init                                  E        E        4        4       0
                reset_vec                             0        0        4        0       0
                idloc                            200000   200000        8   200000       0
                config                           300000   300000        E   300000       0
dist/default/production\MatrixControl.X.production.o
                intcode                               8        8        6        4       0
                temp                                 6B       6B        1        1       1
                text7                                12       12      160        4       0
                text6                               238      238       82        4       0
                intcode_body                        2BA      2BA       72        4       0
                text4                               406      406       10        4       0
                text3                               3E2      3E2       14        4       0
                text2                               172      172       C6        4       0
                text1                               3AA      3AA       38        4       0
                text0                               32C      32C       44        4       0
                cstackCOMRAM                         45       45       16        1       1
                dataCOMRAM                           5B       5B       10        1       1
                bssCOMRAM                             1        1       44        1       1
                cinit                               370      370       3A        4       0
                idataCOMRAM                         3F6      3F6       10        4       0

TOTAL           Name                               Link     Load   Length     Space
        CLASS   STACK          

        CLASS   CODE           
                intcode                               8        8        6         0
                init                                  E        E        4         0
                reset_vec                             0        0        4         0
                text7                                12       12      160         0
                text6                               238      238       82         0
                intcode_body                        2BA      2BA       72         0
                text4                               406      406       10         0
                text3                               3E2      3E2       14         0
                text2                               172      172       C6         0
                text1                               3AA      3AA       38         0
                text0                               32C      32C       44         0
                cinit                               370      370       3A         0
                idataCOMRAM                         3F6      3F6       10         0

        CLASS   CONST          

        CLASS   SMALLCONST     

        CLASS   MEDIUMCONST    

        CLASS   COMRAM         
                temp                                 6B       6B        1         1
                cstackCOMRAM                         45       45       16         1
                dataCOMRAM                           5B       5B       10         1
                bssCOMRAM                             1        1       44         1

        CLASS   ABS1           

        CLASS   BIGRAM         

        CLASS   RAM            

        CLASS   BANK0          

        CLASS   BANK1          

        CLASS   BANK2          

        CLASS   BANK3          

        CLASS   BANK4          

        CLASS   BANK5          

        CLASS   SFR            

        CLASS   FARRAM         

        CLASS   CONFIG         
                config                           300000   300000        E         0

        CLASS   IDLOC          
                idloc                            200000   200000        8         0

        CLASS   EEDATA         



SEGMENTS        Name                           Load    Length   Top    Selector   Space  Class

                reset_vec                      000000  000004  000004         0       0  CODE    
                bssCOMRAM                      000001  00006B  00006C         1       1  COMRAM  
                intcode                        000008  00040E  000416         4       0  CODE    
                idloc                          200000  000008  200008    200000       0  IDLOC   
                config                         300000  00000E  30000E    300000       0  CONFIG  


UNUSED ADDRESS RANGES

        Name                Unused          Largest block    Delta
        BANK0            000080-0000FF               80
        BANK1            000100-0001FF              100
        BANK2            000200-0002FF              100
        BANK3            000300-0003FF              100
        BANK4            000400-0004FF              100
        BANK5            000500-0005FF              100
        BIGRAM           00006C-0005FF              594
        CODE             000004-000007                4
                         000416-007FFF             7BEA
        COMRAM           00006C-00007F               14
        CONST            000004-000007                4
                         000416-007FFF             7BEA
        EEDATA           F00000-F000FF              100
        MEDIUMCONST      000600-007FFF             7A00
        RAM              000080-0005FF              100
        SFR              000F80-000FFF               80
        SMALLCONST       000600-007FFF              100
        STACK            000080-0005FF              580

                                  Symbol Table

RowControl@PosBit              cstackCOMRAM 000047
RowControl@currRow             cstackCOMRAM 000045
RowControl@row                 cstackCOMRAM 00004B
ScrollingDisplay@PosBit        cstackCOMRAM 000049
ScrollingDisplay@line          cstackCOMRAM 000047
ScrollingDisplay@matrix        cstackCOMRAM 000045
WriteMatrix@aux                cstackCOMRAM 000058
WriteMatrix@col                cstackCOMRAM 000059
WriteMatrix@line               cstackCOMRAM 00005A
WriteMatrix@matrix             cstackCOMRAM 000051
WriteMatrix@vectorBytes        cstackCOMRAM 000053
_ADCON1                        (abs)        000FC1
_CMCON                         (abs)        000FB4
_INTCON                        (abs)        000FF2
_INTCON2                       (abs)        000FF1
_INTCON2bits                   (abs)        000FF1
_INTCON3                       (abs)        000FF0
_INTCONbits                    (abs)        000FF2
_Interrupts_Configure          text4        000406
_LATA                          (abs)        000F89
_LATB                          (abs)        000F8A
_LATC                          (abs)        000F8B
_OSCCONbits                    (abs)        000FD3
_PORTA                         (abs)        000F80
_PORTB                         (abs)        000F81
_PORTC                         (abs)        000F82
_PosBit                        dataCOMRAM   00006A
_RCONbits                      (abs)        000FD0
_RowControl                    text7        000012
_SSPBUF                        (abs)        000FC9
_SSPCON1bits                   (abs)        000FC6
_SSPSTATbits                   (abs)        000FC7
_ScrollingDisplay              text6        000238
_T0CONbits                     (abs)        000FD5
_TC0INT                        intcode      000008
_TMR0                          (abs)        000FD6
_TRISA                         (abs)        000F92
_TRISB                         (abs)        000F93
_TRISC                         (abs)        000F94
_Timer_Init                    text3        0003E2
_WriteMatrix                   text2        000172
__CFG_BOREN$SBORDIS            (abs)        000000
__CFG_BORV$3                   (abs)        000000
__CFG_CCP2MX$PORTC             (abs)        000000
__CFG_CP0$OFF                  (abs)        000000
__CFG_CP1$OFF                  (abs)        000000
__CFG_CP2$OFF                  (abs)        000000
__CFG_CP3$OFF                  (abs)        000000
__CFG_CPB$OFF                  (abs)        000000
__CFG_CPD$OFF                  (abs)        000000
__CFG_EBTR0$OFF                (abs)        000000
__CFG_EBTR1$OFF                (abs)        000000
__CFG_EBTR2$OFF                (abs)        000000
__CFG_EBTR3$OFF                (abs)        000000
__CFG_EBTRB$OFF                (abs)        000000
__CFG_FCMEN$OFF                (abs)        000000
__CFG_IESO$OFF                 (abs)        000000
__CFG_LPT1OSC$OFF              (abs)        000000
__CFG_LVP$OFF                  (abs)        000000
__CFG_MCLRE$ON                 (abs)        000000
__CFG_OSC$HS                   (abs)        000000
__CFG_PBADEN$OFF               (abs)        000000
__CFG_PWRT$OFF                 (abs)        000000
__CFG_STVREN$ON                (abs)        000000
__CFG_WDT$OFF                  (abs)        000000
__CFG_WDTPS$32768              (abs)        000000
__CFG_WRT0$OFF                 (abs)        000000
__CFG_WRT1$OFF                 (abs)        000000
__CFG_WRT2$OFF                 (abs)        000000
__CFG_WRT3$OFF                 (abs)        000000
__CFG_WRTB$OFF                 (abs)        000000
__CFG_WRTC$OFF                 (abs)        000000
__CFG_WRTD$OFF                 (abs)        000000
__CFG_XINST$OFF                (abs)        000000
__HRAM                         (abs)        000000
__Habs1                        abs1         000000
__Hbank0                       bank0        000000
__Hbank1                       bank1        000000
__Hbank2                       bank2        000000
__Hbank3                       bank3        000000
__Hbank4                       bank4        000000
__Hbank5                       bank5        000000
__Hbigbss                      bigbss       000000
__Hbigdata                     bigdata      000000
__Hbigram                      bigram       000000
__Hbss                         bss          000000
__HbssCOMRAM                   bssCOMRAM    000000
__Hcinit                       cinit        000000
__Hclrtext                     clrtext      000000
__Hcomram                      comram       000000
__Hconfig                      config       30000E
__Hconst                       const        000000
__HcstackCOMRAM                cstackCOMRAM 000000
__Hdata                        data         000000
__HdataCOMRAM                  dataCOMRAM   000000
__Heeprom_data                 eeprom_data  000000
__Hfarbss                      farbss       000000
__Hfardata                     fardata      000000
__Hibigdata                    ibigdata     000000
__Hidata                       idata        000000
__HidataCOMRAM                 idataCOMRAM  000000
__Hidloc                       idloc        200008
__Hifardata                    ifardata     000000
__Hinit                        init         000012
__Hintcode                     intcode      00000E
__Hintcode_body                intcode_body 000000
__Hintcodelo                   intcodelo    00000E
__Hintentry                    intentry     000000
__Hintret                      intret       000000
__Hintsave_regs                intsave_regs 000000
__Hirdata                      irdata       000000
__Hmediumconst                 mediumconst  000000
__HnvFARRAM                    nvFARRAM     000000
__Hnvbit                       nvbit        000000
__Hnvrram                      nvrram       000000
__Hparam                       rparam       000000
__Hpowerup                     powerup      00000E
__Hram                         ram          000000
__Hramtop                      ramtop       000600
__Hrbit                        rbit         000000
__Hrbss                        rbss         000000
__Hrdata                       rdata        000000
__Hreset_vec                   reset_vec    000004
__Hrparam                      rparam       000000
__Hsfr                         sfr          000000
__Hsmallconst                  smallconst   000000
__Hspace_0                     (abs)        30000E
__Hspace_1                     (abs)        00006C
__Hspace_2                     (abs)        000000
__Hstack                       stack        000000
__Hstruct                      struct       000000
__Htemp                        temp         00006C
__Htext                        text         000000
__Htext0                       text0        000000
__Htext1                       text1        000000
__Htext2                       text2        000000
__Htext3                       text3        000000
__Htext4                       text4        000000
__Htext6                       text6        000000
__Htext7                       text7        000000
__LRAM                         (abs)        000001
__Labs1                        abs1         000000
__Lbank0                       bank0        000000
__Lbank1                       bank1        000000
__Lbank2                       bank2        000000
__Lbank3                       bank3        000000
__Lbank4                       bank4        000000
__Lbank5                       bank5        000000
__Lbigbss                      bigbss       000000
__Lbigdata                     bigdata      000000
__Lbigram                      bigram       000000
__Lbss                         bss          000000
__LbssCOMRAM                   bssCOMRAM    000000
__Lcinit                       cinit        000000
__Lclrtext                     clrtext      000000
__Lcomram                      comram       000000
__Lconfig                      config       300000
__Lconst                       const        000000
__LcstackCOMRAM                cstackCOMRAM 000000
__Ldata                        data         000000
__LdataCOMRAM                  dataCOMRAM   000000
__Leeprom_data                 eeprom_data  000000
__Lfarbss                      farbss       000000
__Lfardata                     fardata      000000
__Libigdata                    ibigdata     000000
__Lidata                       idata        000000
__LidataCOMRAM                 idataCOMRAM  000000
__Lidloc                       idloc        200000
__Lifardata                    ifardata     000000
__Linit                        init         00000E
__Lintcode                     intcode      000008
__Lintcode_body                intcode_body 000000
__Lintcodelo                   intcodelo    00000E
__Lintentry                    intentry     000000
__Lintret                      intret       000000
__Lintsave_regs                intsave_regs 000000
__Lirdata                      irdata       000000
__Lmediumconst                 mediumconst  000000
__LnvFARRAM                    nvFARRAM     000000
__Lnvbit                       nvbit        000000
__Lnvrram                      nvrram       000000
__Lparam                       rparam       000000
__Lpowerup                     powerup      00000E
__Lram                         ram          000000
__Lramtop                      ramtop       000600
__Lrbit                        rbit         000000
__Lrbss                        rbss         000000
__Lrdata                       rdata        000000
__Lreset_vec                   reset_vec    000000
__Lrparam                      rparam       000000
__Lsfr                         sfr          000000
__Lsmallconst                  smallconst   000000
__Lspace_0                     (abs)        000000
__Lspace_1                     (abs)        000000
__Lspace_2                     (abs)        000000
__Lstack                       stack        000000
__Lstruct                      struct       000000
__Ltemp                        temp         00006B
__Ltext                        text         000000
__Ltext0                       text0        000000
__Ltext1                       text1        000000
__Ltext2                       text2        000000
__Ltext3                       text3        000000
__Ltext4                       text4        000000
__Ltext6                       text6        000000
__Ltext7                       text7        000000
__S0                           (abs)        30000E
__S1                           (abs)        00006C
__S2                           (abs)        000000
___inthi_sp                    stack        000000
___intlo_sp                    stack        000000
___param_bank                  (abs)        000000
___rparam_used                 (abs)        000001
___sp                          stack        000000
__accesstop                    (abs)        000080
__activetblptr                 (abs)        000002
__end_of_Interrupts_Configure  text4        000416
__end_of_RowControl            text7        000172
__end_of_ScrollingDisplay      text6        0002BA
__end_of_TC0INT                intcode_body 00032C
__end_of_Timer_Init            text3        0003F6
__end_of_WriteMatrix           text2        000238
__end_of__initialization       cinit        00039C
__end_of_configure_pins        text1        0003E2
__end_of_main                  text0        000370
__initialization               cinit        000370
__mediumconst                  mediumconst  000000
__pbssCOMRAM                   bssCOMRAM    000001
__pcinit                       cinit        000370
__pcstackCOMRAM                cstackCOMRAM 000045
__pdataCOMRAM                  dataCOMRAM   00005B
__pidataCOMRAM                 idataCOMRAM  0003F6
__pintcode                     intcode      000008
__pintcode_body                intcode_body 0002BA
__ptext0                       text0        00032C
__ptext1                       text1        0003AA
__ptext2                       text2        000172
__ptext3                       text3        0003E2
__ptext4                       text4        000406
__ptext6                       text6        000238
__ptext7                       text7        000012
__ramtop                       ramtop       000600
__size_of_Interrupts_Configure (abs)        000000
__size_of_RowControl           (abs)        000000
__size_of_ScrollingDisplay     (abs)        000000
__size_of_TC0INT               (abs)        000000
__size_of_Timer_Init           (abs)        000000
__size_of_WriteMatrix          (abs)        000000
__size_of_configure_pins       (abs)        000000
__size_of_main                 (abs)        000000
__smallconst                   smallconst   000000
_configure_pins                text1        0003AA
_currRow                       bssCOMRAM    000044
_dataTrans                     dataCOMRAM   000062
_i                             bssCOMRAM    000001
_main                          text0        00032C
_matrix                        bssCOMRAM    000004
_row                           bssCOMRAM    000003
_spiConfig                     dataCOMRAM   00005B
btemp                          temp         00006B
end_of_initialization          cinit        00039C
int$flags                      temp         00006B
int_func                       intcode_body 0002BA
intlevel0                      text         000000
intlevel1                      text         000000
intlevel2                      text         000000
intlevel3                      text         000000
stackhi                        (abs)        0005FF
stacklo                        (abs)        000080
start                          init         00000E
start_initialization           cinit        000370
ttemp5                         temp         00006C
ttemp6                         temp         00006F
ttemp7                         temp         000073
wtemp8                         temp         00006C


FUNCTION INFORMATION:

 *************** function _main *****************
 Defined at:
		line 142 in file "main.c"
 Parameters:    Size  Location     Type
		None
 Auto vars:     Size  Location     Type
  OnOff           1    0        unsigned char 
 Return value:  Size  Location     Type
                  1    wreg      void 
 Registers used:
		wreg, fsr2l, fsr2h, status,2, status,0, prodl, prodh, cstack
 Tracked objects:
		On entry : 
		On exit  : 
		Unchanged: 
 Data sizes:     COMRAM   BANK0   BANK1   BANK2   BANK3   BANK4   BANK5
      Params:         0       0       0       0       0       0       0
      Locals:         1       0       0       0       0       0       0
      Temps:          0       0       0       0       0       0       0
      Totals:         1       0       0       0       0       0       0
Total ram usage:        1 bytes
 Hardware stack levels required when called:    3
 This function calls:
		_Interrupts_Configure
		_Timer_Init
		_WriteMatrix
		_configure_pins
 This function is called by:
		Startup code after reset
 This function uses a non-reentrant model


 *************** function _configure_pins *****************
 Defined at:
		line 179 in file "main.c"
 Parameters:    Size  Location     Type
		None
 Auto vars:     Size  Location     Type
		None
 Return value:  Size  Location     Type
                  1    wreg      void 
 Registers used:
		wreg, status,2, status,0
 Tracked objects:
		On entry : 
		On exit  : 
		Unchanged: 
 Data sizes:     COMRAM   BANK0   BANK1   BANK2   BANK3   BANK4   BANK5
      Params:         0       0       0       0       0       0       0
      Locals:         0       0       0       0       0       0       0
      Temps:          0       0       0       0       0       0       0
      Totals:         0       0       0       0       0       0       0
Total ram usage:        0 bytes
 Hardware stack levels used:    1
 Hardware stack levels required when called:    2
 This function calls:
		Nothing
 This function is called by:
		_main
 This function uses a non-reentrant model


 *************** function _WriteMatrix *****************
 Defined at:
		line 8 in file "CREATE_FILES/SCROLLING_TEXT/scrolling_text.c"
 Parameters:    Size  Location     Type
  matrix          2   12[COMRAM] PTR unsigned char [8]
		 -> matrix(64), 
  vectorBytes     2   14[COMRAM] PTR unsigned char 
		 -> dataTrans(8), 
 Auto vars:     Size  Location     Type
  line            1   21[COMRAM] unsigned char 
  col             1   20[COMRAM] unsigned char 
  aux             1   19[COMRAM] unsigned char 
  byte            1    0        unsigned char 
 Return value:  Size  Location     Type
                  1    wreg      void 
 Registers used:
		wreg, fsr2l, fsr2h, status,2, status,0, prodl, prodh
 Tracked objects:
		On entry : 
		On exit  : 
		Unchanged: 
 Data sizes:     COMRAM   BANK0   BANK1   BANK2   BANK3   BANK4   BANK5
      Params:         4       0       0       0       0       0       0
      Locals:         4       0       0       0       0       0       0
      Temps:          2       0       0       0       0       0       0
      Totals:        10       0       0       0       0       0       0
Total ram usage:       10 bytes
 Hardware stack levels used:    1
 Hardware stack levels required when called:    2
 This function calls:
		Nothing
 This function is called by:
		_main
 This function uses a non-reentrant model


 *************** function _Timer_Init *****************
 Defined at:
		line 6 in file "CREATE_FILES/TIMER/timer.c"
 Parameters:    Size  Location     Type
		None
 Auto vars:     Size  Location     Type
		None
 Return value:  Size  Location     Type
                  1    wreg      void 
 Registers used:
		None
 Tracked objects:
		On entry : 
		On exit  : 
		Unchanged: 
 Data sizes:     COMRAM   BANK0   BANK1   BANK2   BANK3   BANK4   BANK5
      Params:         0       0       0       0       0       0       0
      Locals:         0       0       0       0       0       0       0
      Temps:          0       0       0       0       0       0       0
      Totals:         0       0       0       0       0       0       0
Total ram usage:        0 bytes
 Hardware stack levels used:    1
 Hardware stack levels required when called:    2
 This function calls:
		Nothing
 This function is called by:
		_main
 This function uses a non-reentrant model


 *************** function _Interrupts_Configure *****************
 Defined at:
		line 4 in file "CREATE_FILES/INTERRUPT/interrupts.c"
 Parameters:    Size  Location     Type
		None
 Auto vars:     Size  Location     Type
		None
 Return value:  Size  Location     Type
                  1    wreg      void 
 Registers used:
		None
 Tracked objects:
		On entry : 
		On exit  : 
		Unchanged: 
 Data sizes:     COMRAM   BANK0   BANK1   BANK2   BANK3   BANK4   BANK5
      Params:         0       0       0       0       0       0       0
      Locals:         0       0       0       0       0       0       0
      Temps:          0       0       0       0       0       0       0
      Totals:         0       0       0       0       0       0       0
Total ram usage:        0 bytes
 Hardware stack levels used:    1
 Hardware stack levels required when called:    2
 This function calls:
		Nothing
 This function is called by:
		_main
 This function uses a non-reentrant model


 *************** function _TC0INT *****************
 Defined at:
		line 118 in file "main.c"
 Parameters:    Size  Location     Type
		None
 Auto vars:     Size  Location     Type
		None
 Return value:  Size  Location     Type
                  1    wreg      void 
 Registers used:
		wreg, fsr2l, fsr2h, status,2, status,0, prodl, prodh, cstack
 Tracked objects:
		On entry : 
		On exit  : 
		Unchanged: 
 Data sizes:     COMRAM   BANK0   BANK1   BANK2   BANK3   BANK4   BANK5
      Params:         0       0       0       0       0       0       0
      Locals:         0       0       0       0       0       0       0
      Temps:          4       0       0       0       0       0       0
      Totals:         4       0       0       0       0       0       0
Total ram usage:        4 bytes
 Hardware stack levels used:    1
 Hardware stack levels required when called:    1
 This function calls:
		_RowControl
		_ScrollingDisplay
 This function is called by:
		Interrupt level 2
 This function uses a non-reentrant model


 *************** function _ScrollingDisplay *****************
 Defined at:
		line 33 in file "CREATE_FILES/SCROLLING_TEXT/scrolling_text.c"
 Parameters:    Size  Location     Type
  matrix          2    0[COMRAM] PTR unsigned char [8]
		 -> matrix(64), 
  line            2    2[COMRAM] PTR unsigned char 
		 -> currRow(1), 
  PosBit          1    4[COMRAM] unsigned char 
 Auto vars:     Size  Location     Type
		None
 Return value:  Size  Location     Type
                  1    wreg      void 
 Registers used:
		wreg, fsr2l, fsr2h, status,2, status,0, prodl, prodh
 Tracked objects:
		On entry : 
		On exit  : 
		Unchanged: 
 Data sizes:     COMRAM   BANK0   BANK1   BANK2   BANK3   BANK4   BANK5
      Params:         5       0       0       0       0       0       0
      Locals:         0       0       0       0       0       0       0
      Temps:          3       0       0       0       0       0       0
      Totals:         8       0       0       0       0       0       0
Total ram usage:        8 bytes
 Hardware stack levels used:    1
 This function calls:
		Nothing
 This function is called by:
		_TC0INT
 This function uses a non-reentrant model


 *************** function _RowControl *****************
 Defined at:
		line 13 in file "CREATE_FILES/CONTROL_LINES/line_control.c"
 Parameters:    Size  Location     Type
  currRow         2    0[COMRAM] PTR unsigned char 
		 -> currRow(1), 
  PosBit          2    2[COMRAM] PTR unsigned char 
		 -> PosBit(1), 
 Auto vars:     Size  Location     Type
  row             1    6[COMRAM] unsigned char 
 Return value:  Size  Location     Type
                  1    wreg      void 
 Registers used:
		wreg, fsr2l, fsr2h, status,2, status,0
 Tracked objects:
		On entry : 
		On exit  : 
		Unchanged: 
 Data sizes:     COMRAM   BANK0   BANK1   BANK2   BANK3   BANK4   BANK5
      Params:         4       0       0       0       0       0       0
      Locals:         1       0       0       0       0       0       0
      Temps:          2       0       0       0       0       0       0
      Totals:         7       0       0       0       0       0       0
Total ram usage:        7 bytes
 Hardware stack levels used:    1
 This function calls:
		Nothing
 This function is called by:
		_TC0INT
 This function uses a non-reentrant model



MODULE INFORMATION

Module		Function		Class		Link	Load	Size
CREATE_FILES/TIMER/timer.c
		_Timer_Init    		CODE           	03E2	0000	21

CREATE_FILES/TIMER/timer.c estimated size: 21

CREATE_FILES/CONTROL_LINES/line_control.c
		_RowControl    		CODE           	0012	0000	353

CREATE_FILES/CONTROL_LINES/line_control.c estimated size: 353

CREATE_FILES/SCROLLING_TEXT/scrolling_text.c
		_WriteMatrix   		CODE           	0172	0000	199
		_ScrollingDisplay		CODE           	0238	0000	131

CREATE_FILES/SCROLLING_TEXT/scrolling_text.c estimated size: 330

shared
		__initialization		CODE           	0370	0000	45

shared estimated size: 45

CREATE_FILES/INTERRUPT/interrupts.c
		_Interrupts_Configure		CODE           	0406	0000	17

CREATE_FILES/INTERRUPT/interrupts.c estimated size: 17

main.c
		_TC0INT        		CODE           	0008	0000	121
		_main          		CODE           	032C	0000	69
		_configure_pins		CODE           	03AA	0000	57

main.c estimated size: 247

